// Jest Snapshot v1, https://goo.gl/fbAQLP

exports[`extends 1`] = `
"/**
 * @class
 *
 * The bread crumbs indicate the navigate path and trigger the active page.
 *
 * @typedef {object} props
 * @property {any} navigation
 * @extends {PureComponent<props>}
 */
export class BreadCrumbs extends PureComponent {}
"
`;

exports[`template for callback 1`] = `
"/**
 * @template T
 *
 * @callback CallbackName
 * @param {GetStyles<T>} getStyles
 * @returns {UseStyle<T>}
 */
"
`;
